// Jest Snapshot v1, https://goo.gl/fbAQLP

exports[`App should render the App component 1`] = `
<div>
  <div
    class="sc-dkrFOg fqAvKa wrapper"
  >
    <a
      href="https://soundise.com"
      rel="noreferrer"
      target="_blank"
    >
      <img
        alt="Soundise React component library"
        class="sc-hLBbgP fBkuHm"
        src="https://assets.soundise.com/headers/header-github-readme-dark.svg"
      />
    </a>
    <h1
      class="sc-eDvSVe bDCePJ heading"
    >
      react-components
    </h1>
    <p
      class="sc-jSUZER cPeVAA"
    >
      Soundise React component library
    </p>
  </div>
</div>
`;
